hxtest.Init.init()
[Init] Config correct: true
no output
[Generate] Config correct: true