hxtest.Init.init()
[Init] Config correct: true
output: out
[Generate] Config correct: true