[WARNING] (macro) Main.macro.hx:5: characters 47-48

 5 |  Context.warning("from Main.macro.hx", (macro 0).pos);
   |                                               ^
   | from Main.macro.hx

[WARNING] (macro) Main.js.hx:2: characters 2-7

 2 |  foo();
   |  ^^^^^
   | from Main.js.hx

