[ERROR] Bar.hx:1: characters 1-2

 1 | @:build(Macro.build())
   | ^
   | Unexpected &

