[WARNING] (macro) Macro2.hx:13: characters 25-39

 13 |   Context.warning(("1" :DeprecatedType), Context.currentPos());
    |                         ^^^^^^^^^^^^^^
    | (WDeprecated) This typedef is deprecated in favor of String

[WARNING] (macro) (unknown position)

    | 1

[WARNING] (macro) (unknown position)

    | 2

[WARNING] (macro) (unknown position)

    | 3

[WARNING] (macro) (unknown position)

    | i123|i123

